[2026-05-20 02:00:02] === Starting automated sync ===
[2026-05-20 02:00:03] Running scan...
[2026-05-20 02:00:04]     Scanning: 5mc_outlier
[2026-05-20 02:00:05]       Tracked: 1581 files
[2026-05-20 02:00:05]       New: 0
[2026-05-20 02:00:05]       Modified: 0
[2026-05-20 02:00:05]       Deleted: 0
[2026-05-20 02:00:08]       Nextflow runs: 0
[2026-05-20 02:00:08]       SLURM jobs: 0
[2026-05-20 02:00:08]       Log files: 706
[2026-05-20 02:00:08]     Scanning: DROP_pipeline
[2026-05-20 02:00:08]       Tracked: 509 files
[2026-05-20 02:00:08]       New: 208
[2026-05-20 02:00:08]       Modified: 12
[2026-05-20 02:00:08]       Deleted: 1
[2026-05-20 02:00:16]       Nextflow runs: 0
[2026-05-20 02:00:16]       SLURM jobs: 1
[2026-05-20 02:00:16]       Log files: 19
[2026-05-20 02:00:16]     Scanning: TGen_RNASeq
[2026-05-20 02:00:23]       Tracked: 29525 files
[2026-05-20 02:00:23]       New: 0
[2026-05-20 02:00:23]       Modified: 0
[2026-05-20 02:00:23]       Deleted: 0
[2026-05-20 02:03:54]       Nextflow runs: 0
[2026-05-20 02:03:54]       SLURM jobs: 0
[2026-05-20 02:03:54]       Log files: 1863
[2026-05-20 02:03:55]     Scanning: 5mc_simulator
[2026-05-20 02:03:55]       Tracked: 171 files
[2026-05-20 02:03:55]       New: 0
[2026-05-20 02:03:55]       Modified: 0
[2026-05-20 02:03:55]       Deleted: 0
[2026-05-20 02:03:56]       Nextflow runs: 0
[2026-05-20 02:03:56]       SLURM jobs: 0
[2026-05-20 02:03:56]       Log files: 6
[2026-05-20 02:03:56]     Scanning: popqc
[2026-05-20 02:03:57]       Tracked: 30 files
[2026-05-20 02:03:57]       New: 0
[2026-05-20 02:03:57]       Modified: 0
[2026-05-20 02:03:57]       Deleted: 0
[2026-05-20 02:04:00]       Nextflow runs: 0
[2026-05-20 02:04:00]       SLURM jobs: 0
[2026-05-20 02:04:00]       Log files: 0
[2026-05-20 02:04:00]   
[2026-05-20 02:04:00]   Scan complete. Run 'biolab build' to compile the site.
[2026-05-20 02:04:00] Scan completed in 237 seconds
[2026-05-20 02:04:01] Changes detected, committing...
[main e45cede] auto-sync 2026-05-20 02:04 | +1 ~17 -0
 18 files changed, 33703 insertions(+), 31697 deletions(-)
 create mode 100644 .biolab/cron.log
[2026-05-20 02:04:03] Pushing to GitHub...
To github.com:TNS-Schrauwen/JT-labnotebook.git
   e75a3d3..e45cede  main -> main
[2026-05-20 02:04:08] Push successful
[2026-05-20 02:04:08] === Sync complete ===
[2026-05-21 02:00:02] === Starting automated sync ===
[2026-05-21 02:00:09] Running scan...
[2026-05-21 02:00:10]     Scanning: 5mc_outlier
[2026-05-21 02:00:11]       Tracked: 1581 files
[2026-05-21 02:00:11]       New: 0
[2026-05-21 02:00:11]       Modified: 0
[2026-05-21 02:00:11]       Deleted: 0
[2026-05-21 02:00:14]       Nextflow runs: 0
[2026-05-21 02:00:14]       SLURM jobs: 0
[2026-05-21 02:00:14]       Log files: 706
[2026-05-21 02:00:14]     Scanning: DROP_pipeline
[2026-05-21 02:00:14]       Tracked: 512 files
[2026-05-21 02:00:14]       New: 3
[2026-05-21 02:00:14]       Modified: 0
[2026-05-21 02:00:14]       Deleted: 0
[2026-05-21 02:00:33]       Nextflow runs: 0
[2026-05-21 02:00:33]       SLURM jobs: 1
[2026-05-21 02:00:33]       Log files: 19
[2026-05-21 02:00:33]     [skip] TGen_RNASeq -- path not found
[2026-05-21 02:00:33]     Scanning: 5mc_simulator
[2026-05-21 02:00:33]       Tracked: 171 files
[2026-05-21 02:00:33]       New: 0
[2026-05-21 02:00:33]       Modified: 0
[2026-05-21 02:00:33]       Deleted: 0
[2026-05-21 02:00:35]       Nextflow runs: 0
[2026-05-21 02:00:35]       SLURM jobs: 0
[2026-05-21 02:00:35]       Log files: 6
[2026-05-21 02:00:35]     Scanning: popqc
[2026-05-21 02:00:35]       Tracked: 30 files
[2026-05-21 02:00:35]       New: 0
[2026-05-21 02:00:35]       Modified: 0
[2026-05-21 02:00:35]       Deleted: 0
[2026-05-21 02:00:39]       Nextflow runs: 0
[2026-05-21 02:00:39]       SLURM jobs: 0
[2026-05-21 02:00:39]       Log files: 0
[2026-05-21 02:00:39]   
[2026-05-21 02:00:39]   Scan complete. Run 'biolab build' to compile the site.
[2026-05-21 02:00:39] Scan completed in 30 seconds
[2026-05-21 02:00:40] Changes detected, committing...
[main 28e2859] auto-sync 2026-05-21 02:00 | +0 ~15 -0
 15 files changed, 2398 insertions(+), 2555 deletions(-)
[2026-05-21 02:00:40] Pushing to GitHub...
To github.com:TNS-Schrauwen/JT-labnotebook.git
   e45cede..28e2859  main -> main
[2026-05-21 02:00:43] Push successful
[2026-05-21 02:00:43] === Sync complete ===
[2026-05-22 02:00:01] === Starting automated sync ===
[2026-05-22 02:00:02] Running scan...
[2026-05-22 02:00:03]     Scanning: 5mc_outlier
[2026-05-22 02:00:03]       Tracked: 1581 files
[2026-05-22 02:00:03]       New: 0
[2026-05-22 02:00:03]       Modified: 0
[2026-05-22 02:00:03]       Deleted: 0
[2026-05-22 02:00:03]       Nextflow runs: 0
[2026-05-22 02:00:03]       SLURM jobs: 0
[2026-05-22 02:00:03]       Log files: 706
[2026-05-22 02:00:03]     Scanning: DROP_pipeline
[2026-05-22 02:00:03]       Tracked: 512 files
[2026-05-22 02:00:03]       New: 0
[2026-05-22 02:00:03]       Modified: 1
[2026-05-22 02:00:03]       Deleted: 0
[2026-05-22 02:00:06]       Nextflow runs: 0
[2026-05-22 02:00:06]       SLURM jobs: 1
[2026-05-22 02:00:06]       Log files: 19
[2026-05-22 02:00:06]     Scanning: TGen_RNASeq
[2026-05-22 02:00:21]       Tracked: 29525 files
[2026-05-22 02:00:21]       New: 0
[2026-05-22 02:00:21]       Modified: 0
[2026-05-22 02:00:21]       Deleted: 0
[2026-05-22 02:06:46]       Nextflow runs: 0
[2026-05-22 02:06:46]       SLURM jobs: 0
[2026-05-22 02:06:46]       Log files: 1863
[2026-05-22 02:06:46]     Scanning: 5mc_simulator
[2026-05-22 02:06:46]       Tracked: 171 files
[2026-05-22 02:06:46]       New: 0
[2026-05-22 02:06:46]       Modified: 0
[2026-05-22 02:06:46]       Deleted: 0
[2026-05-22 02:06:47]       Nextflow runs: 0
[2026-05-22 02:06:47]       SLURM jobs: 0
[2026-05-22 02:06:47]       Log files: 6
[2026-05-22 02:06:47]     Scanning: popqc
[2026-05-22 02:06:47]       Tracked: 30 files
[2026-05-22 02:06:47]       New: 0
[2026-05-22 02:06:47]       Modified: 0
[2026-05-22 02:06:47]       Deleted: 0
[2026-05-22 02:06:52]       Nextflow runs: 0
[2026-05-22 02:06:52]       SLURM jobs: 0
[2026-05-22 02:06:52]       Log files: 0
[2026-05-22 02:06:52]   
[2026-05-22 02:06:52]   Scan complete. Run 'biolab build' to compile the site.
[2026-05-22 02:06:52] Scan completed in 410 seconds
[2026-05-22 02:06:52] Changes detected, committing...
[main 61e89c5] auto-sync 2026-05-22 02:06 | +1 ~19 -0
 20 files changed, 32260 insertions(+), 31858 deletions(-)
 create mode 100644 biotrack/src/nextflow/mod.rs
[2026-05-22 02:06:57] Pushing to GitHub...
To github.com:TNS-Schrauwen/JT-labnotebook.git
   2cde8ef..61e89c5  main -> main
[2026-05-22 02:07:02] Push successful
[2026-05-22 02:07:02] === Sync complete ===
[2026-05-23 02:00:01] === Starting automated sync ===
[2026-05-23 02:00:04] Running scan...
[2026-05-23 02:00:05]     Scanning: 5mc_outlier
[2026-05-23 02:00:06]       Tracked: 1581 files
[2026-05-23 02:00:06]       New: 0
[2026-05-23 02:00:06]       Modified: 0
[2026-05-23 02:00:06]       Deleted: 0
[2026-05-23 02:00:09]       Nextflow runs: 0
[2026-05-23 02:00:09]       SLURM jobs: 0
[2026-05-23 02:00:09]       Log files: 706
[2026-05-23 02:00:09]     Scanning: DROP_pipeline
[2026-05-23 02:00:10]       Tracked: 1354 files
[2026-05-23 02:00:10]       New: 842
[2026-05-23 02:00:10]       Modified: 0
[2026-05-23 02:00:10]       Deleted: 0
[2026-05-23 02:00:19]       Nextflow runs: 0
[2026-05-23 02:00:19]       SLURM jobs: 1
[2026-05-23 02:00:19]       Log files: 21
[2026-05-23 02:00:19]     Scanning: TGen_RNASeq
[2026-05-23 02:00:25]       Tracked: 29525 files
[2026-05-23 02:00:25]       New: 0
[2026-05-23 02:00:25]       Modified: 0
[2026-05-23 02:00:25]       Deleted: 0
[2026-05-23 02:03:02]       Nextflow runs: 0
[2026-05-23 02:03:02]       SLURM jobs: 0
[2026-05-23 02:03:02]       Log files: 1863
[2026-05-23 02:03:02]     Scanning: 5mc_simulator
[2026-05-23 02:03:02]       Tracked: 171 files
[2026-05-23 02:03:02]       New: 0
[2026-05-23 02:03:02]       Modified: 0
[2026-05-23 02:03:02]       Deleted: 0
[2026-05-23 02:03:04]       Nextflow runs: 0
[2026-05-23 02:03:04]       SLURM jobs: 0
[2026-05-23 02:03:04]       Log files: 6
[2026-05-23 02:03:04]     Scanning: popqc
[2026-05-23 02:03:04]       Tracked: 30 files
[2026-05-23 02:03:04]       New: 0
[2026-05-23 02:03:04]       Modified: 0
[2026-05-23 02:03:04]       Deleted: 0
[2026-05-23 02:03:07]       Nextflow runs: 0
[2026-05-23 02:03:07]       SLURM jobs: 0
[2026-05-23 02:03:07]       Log files: 0
[2026-05-23 02:03:07]   
[2026-05-23 02:03:07]   Scan complete. Run 'biolab build' to compile the site.
[2026-05-23 02:03:07] Scan completed in 183 seconds
[2026-05-23 02:03:07] Changes detected, committing...
[main addff20] auto-sync 2026-05-23 02:03 | +0 ~18 -0
 18 files changed, 39499 insertions(+), 31856 deletions(-)
[2026-05-23 02:03:08] Pushing to GitHub...
To github.com:TNS-Schrauwen/JT-labnotebook.git
   61e89c5..addff20  main -> main
[2026-05-23 02:03:11] Push successful
[2026-05-23 02:03:11] === Sync complete ===
[2026-05-26 02:00:02] === Starting automated sync ===
[2026-05-26 02:00:11] Running scan...
[2026-05-26 02:00:12]     Scanning: 5mc_outlier
[2026-05-26 02:00:12]       Tracked: 1581 files
[2026-05-26 02:00:12]       New: 0
[2026-05-26 02:00:12]       Modified: 0
[2026-05-26 02:00:12]       Deleted: 0
[2026-05-26 02:00:15]       Nextflow runs: 0
[2026-05-26 02:00:15]       SLURM jobs: 0
[2026-05-26 02:00:15]       Log files: 706
[2026-05-26 02:00:15]     Scanning: DROP_pipeline
[2026-05-26 02:00:16]       Tracked: 1627 files
[2026-05-26 02:00:16]       New: 273
[2026-05-26 02:00:16]       Modified: 4
[2026-05-26 02:00:16]       Deleted: 0
[2026-05-26 02:00:36]       Nextflow runs: 0
[2026-05-26 02:00:37]       SLURM jobs: 1
[2026-05-26 02:00:37]       Log files: 21
[2026-05-26 02:00:37]     Scanning: TGen_RNASeq
[2026-05-26 02:00:42]       Tracked: 29525 files
[2026-05-26 02:00:42]       New: 0
[2026-05-26 02:00:42]       Modified: 0
[2026-05-26 02:00:42]       Deleted: 0
[2026-05-26 02:03:07]       Nextflow runs: 0
[2026-05-26 02:03:07]       SLURM jobs: 0
[2026-05-26 02:03:07]       Log files: 1863
[2026-05-26 02:03:07]     Scanning: 5mc_simulator
[2026-05-26 02:03:07]       Tracked: 171 files
[2026-05-26 02:03:07]       New: 0
[2026-05-26 02:03:07]       Modified: 0
[2026-05-26 02:03:07]       Deleted: 0
[2026-05-26 02:03:08]       Nextflow runs: 0
[2026-05-26 02:03:08]       SLURM jobs: 0
[2026-05-26 02:03:08]       Log files: 6
[2026-05-26 02:03:08]     Scanning: popqc
[2026-05-26 02:03:08]       Tracked: 30 files
[2026-05-26 02:03:08]       New: 0
[2026-05-26 02:03:08]       Modified: 0
[2026-05-26 02:03:08]       Deleted: 0
[2026-05-26 02:03:11]       Nextflow runs: 0
[2026-05-26 02:03:11]       SLURM jobs: 0
[2026-05-26 02:03:11]       Log files: 0
[2026-05-26 02:03:11]   
[2026-05-26 02:03:11]   Scan complete. Run 'biolab build' to compile the site.
[2026-05-26 02:03:11] Scan completed in 180 seconds
[2026-05-26 02:03:12] Changes detected, committing...
[main 57f9996] auto-sync 2026-05-26 02:03 | +0 ~18 -0
 18 files changed, 35228 insertions(+), 33551 deletions(-)
[2026-05-26 02:03:13] Pushing to GitHub...
To github.com:TNS-Schrauwen/JT-labnotebook.git
   addff20..57f9996  main -> main
[2026-05-26 02:03:17] Push successful
[2026-05-26 02:03:17] === Sync complete ===
[2026-05-27 02:00:02] === Starting automated sync ===
[2026-05-27 02:00:09] Running scan...
[2026-05-27 02:00:10]     Scanning: 5mc_outlier
[2026-05-27 02:00:11]       Tracked: 1581 files
[2026-05-27 02:00:11]       New: 0
[2026-05-27 02:00:11]       Modified: 0
[2026-05-27 02:00:11]       Deleted: 0
[2026-05-27 02:00:14]       Nextflow runs: 0
[2026-05-27 02:00:14]       SLURM jobs: 0
[2026-05-27 02:00:14]       Log files: 706
[2026-05-27 02:00:14]     Scanning: DROP_pipeline
[2026-05-27 02:00:15]       Tracked: 1633 files
[2026-05-27 02:00:15]       New: 6
[2026-05-27 02:00:15]       Modified: 1
[2026-05-27 02:00:15]       Deleted: 0
[2026-05-27 02:00:36]       Nextflow runs: 0
[2026-05-27 02:00:36]       SLURM jobs: 1
[2026-05-27 02:00:36]       Log files: 21
[2026-05-27 02:00:36]     Scanning: TGen_RNASeq
[2026-05-27 02:00:42]       Tracked: 29525 files
[2026-05-27 02:00:42]       New: 0
[2026-05-27 02:00:42]       Modified: 0
[2026-05-27 02:00:42]       Deleted: 0
[2026-05-27 02:03:10]       Nextflow runs: 0
[2026-05-27 02:03:10]       SLURM jobs: 0
[2026-05-27 02:03:10]       Log files: 1863
[2026-05-27 02:03:10]     Scanning: 5mc_simulator
[2026-05-27 02:03:11]       Tracked: 171 files
[2026-05-27 02:03:11]       New: 0
[2026-05-27 02:03:11]       Modified: 0
[2026-05-27 02:03:11]       Deleted: 0
[2026-05-27 02:03:12]       Nextflow runs: 0
[2026-05-27 02:03:12]       SLURM jobs: 0
[2026-05-27 02:03:12]       Log files: 6
[2026-05-27 02:03:12]     Scanning: popqc
[2026-05-27 02:03:12]       Tracked: 30 files
[2026-05-27 02:03:12]       New: 0
[2026-05-27 02:03:12]       Modified: 0
[2026-05-27 02:03:12]       Deleted: 0
[2026-05-27 02:03:15]       Nextflow runs: 0
[2026-05-27 02:03:15]       SLURM jobs: 0
[2026-05-27 02:03:15]       Log files: 0
[2026-05-27 02:03:15]   
[2026-05-27 02:03:15]   Scan complete. Run 'biolab build' to compile the site.
[2026-05-27 02:03:15] Scan completed in 186 seconds
[2026-05-27 02:03:15] Changes detected, committing...
[main 65d9c78] auto-sync 2026-05-27 02:03 | +0 ~18 -0
 18 files changed, 33089 insertions(+), 33250 deletions(-)
[2026-05-27 02:03:16] Pushing to GitHub...
To github.com:TNS-Schrauwen/JT-labnotebook.git
   033ca90..65d9c78  main -> main
[2026-05-27 02:03:20] Push successful
[2026-05-27 02:03:20] === Sync complete ===
[2026-05-28 02:00:01] === Starting automated sync ===
[2026-05-28 02:00:08] Running scan...
[2026-05-28 02:00:09]     Scanning: 5mc_outlier
[2026-05-28 02:00:09]       Tracked: 1581 files
[2026-05-28 02:00:09]       New: 0
[2026-05-28 02:00:09]       Modified: 0
[2026-05-28 02:00:09]       Deleted: 0
[2026-05-28 02:00:09]       Nextflow runs: 0
[2026-05-28 02:00:09]       SLURM jobs: 0
[2026-05-28 02:00:09]       Log files: 706
[2026-05-28 02:00:09]     Scanning: DROP_pipeline
[2026-05-28 02:00:10]       Tracked: 1642 files
[2026-05-28 02:00:10]       New: 9
[2026-05-28 02:00:10]       Modified: 1
[2026-05-28 02:00:10]       Deleted: 0
[2026-05-28 02:00:13]       Nextflow runs: 0
[2026-05-28 02:00:13]       SLURM jobs: 1
[2026-05-28 02:00:13]       Log files: 21
[2026-05-28 02:00:13]     Scanning: TGen_RNASeq
[2026-05-28 02:00:24]       Tracked: 29198 files
[2026-05-28 02:00:24]       New: 38
[2026-05-28 02:00:24]       Modified: 636
[2026-05-28 02:00:24]       Deleted: 365
[2026-05-28 02:03:08]       Nextflow runs: 0
[2026-05-28 02:03:08]       SLURM jobs: 0
[2026-05-28 02:03:08]       Log files: 1865
[2026-05-28 02:03:08]     Scanning: 5mc_simulator
[2026-05-28 02:03:08]       Tracked: 171 files
[2026-05-28 02:03:08]       New: 0
[2026-05-28 02:03:08]       Modified: 0
[2026-05-28 02:03:08]       Deleted: 0
[2026-05-28 02:03:08]       Nextflow runs: 0
[2026-05-28 02:03:08]       SLURM jobs: 0
[2026-05-28 02:03:08]       Log files: 6
[2026-05-28 02:03:08]     Scanning: popqc
[2026-05-28 02:03:08]       Tracked: 30 files
[2026-05-28 02:03:08]       New: 0
[2026-05-28 02:03:08]       Modified: 0
[2026-05-28 02:03:08]       Deleted: 0
[2026-05-28 02:03:09]       Nextflow runs: 0
[2026-05-28 02:03:09]       SLURM jobs: 0
[2026-05-28 02:03:09]       Log files: 0
[2026-05-28 02:03:09]   
[2026-05-28 02:03:09]   Scan complete. Run 'biolab build' to compile the site.
[2026-05-28 02:03:09] Scan completed in 181 seconds
[2026-05-28 02:03:10] Changes detected, committing...
[main d21a720] auto-sync 2026-05-28 02:03 | +0 ~18 -0
 18 files changed, 36602 insertions(+), 37987 deletions(-)
[2026-05-28 02:03:11] Pushing to GitHub...
To github.com:TNS-Schrauwen/JT-labnotebook.git
   65d9c78..d21a720  main -> main
[2026-05-28 02:03:15] Push successful
[2026-05-28 02:03:15] === Sync complete ===
[2026-05-29 02:00:02] === Starting automated sync ===
[2026-05-29 02:00:11] Running scan...
[2026-05-29 02:00:12]     Scanning: 5mc_outlier
[2026-05-29 02:00:13]       Tracked: 1581 files
[2026-05-29 02:00:13]       New: 0
[2026-05-29 02:00:13]       Modified: 0
[2026-05-29 02:00:13]       Deleted: 0
[2026-05-29 02:00:16]       Nextflow runs: 0
[2026-05-29 02:00:16]       SLURM jobs: 0
[2026-05-29 02:00:16]       Log files: 706
[2026-05-29 02:00:16]     Scanning: DROP_pipeline
[2026-05-29 02:00:16]       Tracked: 1642 files
[2026-05-29 02:00:16]       New: 0
[2026-05-29 02:00:16]       Modified: 0
[2026-05-29 02:00:16]       Deleted: 0
[2026-05-29 02:00:38]       Nextflow runs: 0
[2026-05-29 02:00:38]       SLURM jobs: 1
[2026-05-29 02:00:38]       Log files: 21
[2026-05-29 02:00:38]     Scanning: TGen_RNASeq
[2026-05-29 02:00:44]       Tracked: 29198 files
[2026-05-29 02:00:44]       New: 0
[2026-05-29 02:00:44]       Modified: 0
[2026-05-29 02:00:44]       Deleted: 0
[2026-05-29 02:03:20]       Nextflow runs: 0
[2026-05-29 02:03:20]       SLURM jobs: 0
[2026-05-29 02:03:20]       Log files: 1865
[2026-05-29 02:03:20]     Scanning: 5mc_simulator
[2026-05-29 02:03:20]       Tracked: 171 files
[2026-05-29 02:03:20]       New: 0
[2026-05-29 02:03:20]       Modified: 0
[2026-05-29 02:03:20]       Deleted: 0
[2026-05-29 02:03:21]       Nextflow runs: 0
[2026-05-29 02:03:21]       SLURM jobs: 0
[2026-05-29 02:03:21]       Log files: 6
[2026-05-29 02:03:21]     Scanning: popqc
[2026-05-29 02:03:21]       Tracked: 30 files
[2026-05-29 02:03:21]       New: 0
[2026-05-29 02:03:21]       Modified: 0
[2026-05-29 02:03:21]       Deleted: 0
[2026-05-29 02:03:24]       Nextflow runs: 0
[2026-05-29 02:03:24]       SLURM jobs: 0
[2026-05-29 02:03:24]       Log files: 0
[2026-05-29 02:03:25]   
[2026-05-29 02:03:25]   Scan complete. Run 'biolab build' to compile the site.
[2026-05-29 02:03:25] Scan completed in 194 seconds
[2026-05-29 02:03:25] Changes detected, committing...
[main 29a74e7] auto-sync 2026-05-29 02:03 | +0 ~18 -0
 18 files changed, 32706 insertions(+), 33738 deletions(-)
[2026-05-29 02:03:26] Pushing to GitHub...
To github.com:TNS-Schrauwen/JT-labnotebook.git
   07a8582..29a74e7  main -> main
[2026-05-29 02:03:30] Push successful
[2026-05-29 02:03:30] === Sync complete ===
[2026-05-30 02:00:02] === Starting automated sync ===
[2026-05-30 02:00:08] Running scan...
[2026-05-30 02:00:10]     Scanning: 5mc_outlier
[2026-05-30 02:00:10]       Tracked: 1581 files
[2026-05-30 02:00:10]       New: 0
[2026-05-30 02:00:10]       Modified: 0
[2026-05-30 02:00:10]       Deleted: 0
[2026-05-30 02:00:13]       Nextflow runs: 0
[2026-05-30 02:00:13]       SLURM jobs: 0
[2026-05-30 02:00:13]       Log files: 706
[2026-05-30 02:00:13]     Scanning: DROP_pipeline
[2026-05-30 02:00:14]       Tracked: 1657 files
[2026-05-30 02:00:14]       New: 15
[2026-05-30 02:00:14]       Modified: 1
[2026-05-30 02:00:14]       Deleted: 0
[2026-05-30 02:00:35]       Nextflow runs: 0
[2026-05-30 02:00:35]       SLURM jobs: 1
[2026-05-30 02:00:35]       Log files: 23
[2026-05-30 02:00:35]     Scanning: TGen_RNASeq
[2026-05-30 02:00:41]       Tracked: 29198 files
[2026-05-30 02:00:41]       New: 0
[2026-05-30 02:00:41]       Modified: 0
[2026-05-30 02:00:41]       Deleted: 0
[2026-05-30 02:03:25]       Nextflow runs: 0
[2026-05-30 02:03:25]       SLURM jobs: 0
[2026-05-30 02:03:25]       Log files: 1865
[2026-05-30 02:03:25]     Scanning: 5mc_simulator
[2026-05-30 02:03:25]       Tracked: 171 files
[2026-05-30 02:03:25]       New: 0
[2026-05-30 02:03:25]       Modified: 0
[2026-05-30 02:03:25]       Deleted: 0
[2026-05-30 02:03:26]       Nextflow runs: 0
[2026-05-30 02:03:26]       SLURM jobs: 0
[2026-05-30 02:03:26]       Log files: 6
[2026-05-30 02:03:26]     Scanning: popqc
[2026-05-30 02:03:26]       Tracked: 30 files
[2026-05-30 02:03:26]       New: 0
[2026-05-30 02:03:26]       Modified: 0
[2026-05-30 02:03:26]       Deleted: 0
[2026-05-30 02:03:30]       Nextflow runs: 0
[2026-05-30 02:03:30]       SLURM jobs: 0
[2026-05-30 02:03:30]       Log files: 0
[2026-05-30 02:03:30]   
[2026-05-30 02:03:30]   Scan complete. Run 'biolab build' to compile the site.
[2026-05-30 02:03:30] Scan completed in 202 seconds
[2026-05-30 02:03:30] Changes detected, committing...
[main 30c4845] auto-sync 2026-05-30 02:03 | +0 ~18 -0
 18 files changed, 32884 insertions(+), 32661 deletions(-)
[2026-05-30 02:03:31] Pushing to GitHub...
To github.com:TNS-Schrauwen/JT-labnotebook.git
   29a74e7..30c4845  main -> main
[2026-05-30 02:03:38] Push successful
[2026-05-30 02:03:38] === Sync complete ===
[2026-06-01 20:00:02] === Starting automated sync ===
[2026-06-01 20:00:12] Running scan...
[2026-06-01 20:00:13]     Scanning: 5mc_outlier
[2026-06-01 20:00:13]       Tracked: 1581 files
[2026-06-01 20:00:13]       New: 0
[2026-06-01 20:00:13]       Modified: 0
[2026-06-01 20:00:13]       Deleted: 0
[2026-06-01 20:00:17]       Nextflow runs: 0
[2026-06-01 20:00:17]       SLURM jobs: 0
[2026-06-01 20:00:17]       Log files: 706
[2026-06-01 20:00:17]     Scanning: DROP_pipeline
[2026-06-01 20:00:17]       Tracked: 1642 files
[2026-06-01 20:00:17]       New: 0
[2026-06-01 20:00:17]       Modified: 0
[2026-06-01 20:00:17]       Deleted: 15
[2026-06-01 20:00:38]       Nextflow runs: 0
[2026-06-01 20:00:38]       SLURM jobs: 1
[2026-06-01 20:00:38]       Log files: 21
[2026-06-01 20:00:39]     Scanning: TGen_RNASeq
[2026-06-01 20:00:44]       Tracked: 29198 files
[2026-06-01 20:00:44]       New: 0
[2026-06-01 20:00:44]       Modified: 0
[2026-06-01 20:00:44]       Deleted: 0
[2026-06-01 20:03:25]       Nextflow runs: 0
[2026-06-01 20:03:25]       SLURM jobs: 0
[2026-06-01 20:03:25]       Log files: 1865
[2026-06-01 20:03:25]     Scanning: 5mc_simulator
[2026-06-01 20:03:25]       Tracked: 171 files
[2026-06-01 20:03:25]       New: 0
[2026-06-01 20:03:25]       Modified: 0
[2026-06-01 20:03:25]       Deleted: 0
[2026-06-01 20:03:26]       Nextflow runs: 0
[2026-06-01 20:03:26]       SLURM jobs: 0
[2026-06-01 20:03:26]       Log files: 6
[2026-06-01 20:03:26]     Scanning: popqc
[2026-06-01 20:03:26]       Tracked: 30 files
[2026-06-01 20:03:26]       New: 0
[2026-06-01 20:03:26]       Modified: 0
[2026-06-01 20:03:26]       Deleted: 0
[2026-06-01 20:03:30]       Nextflow runs: 0
[2026-06-01 20:03:30]       SLURM jobs: 0
[2026-06-01 20:03:30]       Log files: 0
[2026-06-01 20:03:31]   
[2026-06-01 20:03:31]   Scan complete. Run 'biolab build' to compile the site.
[2026-06-01 20:03:31] Scan completed in 199 seconds
[2026-06-01 20:03:31] Changes detected, committing...
[main 07e3584] auto-sync 2026-06-01 20:03 | +0 ~18 -0
 18 files changed, 32731 insertions(+), 32826 deletions(-)
[2026-06-01 20:03:32] Pushing to GitHub...
To github.com:TNS-Schrauwen/JT-labnotebook.git
   30c4845..07e3584  main -> main
[2026-06-01 20:03:36] Push successful
[2026-06-01 20:03:36] === Sync complete ===
[2026-06-02 20:00:01] === Starting automated sync ===
[2026-06-02 20:00:06] Running scan...
[2026-06-02 20:00:07]     Scanning: 5mc_outlier
[2026-06-02 20:00:07]       Tracked: 1581 files
[2026-06-02 20:00:07]       New: 0
[2026-06-02 20:00:07]       Modified: 0
[2026-06-02 20:00:07]       Deleted: 0
[2026-06-02 20:00:09]       Nextflow runs: 0
[2026-06-02 20:00:09]       SLURM jobs: 0
[2026-06-02 20:00:09]       Log files: 706
[2026-06-02 20:00:09]     Scanning: DROP_pipeline
[2026-06-02 20:00:09]       Tracked: 1642 files
[2026-06-02 20:00:09]       New: 0
[2026-06-02 20:00:09]       Modified: 0
[2026-06-02 20:00:09]       Deleted: 0
[2026-06-02 20:00:21]       Nextflow runs: 0
[2026-06-02 20:00:21]       SLURM jobs: 1
[2026-06-02 20:00:21]       Log files: 21
[2026-06-02 20:00:21]     Scanning: TGen_RNASeq
[2026-06-02 20:00:25]       Tracked: 29198 files
[2026-06-02 20:00:25]       New: 0
[2026-06-02 20:00:25]       Modified: 0
[2026-06-02 20:00:25]       Deleted: 0
[2026-06-02 20:01:46]       Nextflow runs: 0
[2026-06-02 20:01:46]       SLURM jobs: 0
[2026-06-02 20:01:46]       Log files: 1865
[2026-06-02 20:01:46]     Scanning: 5mc_simulator
[2026-06-02 20:01:46]       Tracked: 171 files
[2026-06-02 20:01:46]       New: 0
[2026-06-02 20:01:46]       Modified: 0
[2026-06-02 20:01:46]       Deleted: 0
[2026-06-02 20:01:47]       Nextflow runs: 0
[2026-06-02 20:01:47]       SLURM jobs: 0
[2026-06-02 20:01:47]       Log files: 6
[2026-06-02 20:01:47]     Scanning: popqc
[2026-06-02 20:01:48]       Tracked: 30 files
[2026-06-02 20:01:48]       New: 0
[2026-06-02 20:01:48]       Modified: 0
[2026-06-02 20:01:48]       Deleted: 0
[2026-06-02 20:01:50]       Nextflow runs: 0
[2026-06-02 20:01:50]       SLURM jobs: 0
[2026-06-02 20:01:50]       Log files: 0
[2026-06-02 20:01:50]   
[2026-06-02 20:01:50]   Scan complete. Run 'biolab build' to compile the site.
[2026-06-02 20:01:50] Scan completed in 104 seconds
[2026-06-02 20:01:50] Changes detected, committing...
[main a996962] auto-sync 2026-06-02 20:01 | +0 ~18 -0
 18 files changed, 32705 insertions(+), 32674 deletions(-)
[2026-06-02 20:01:51] Pushing to GitHub...
To github.com:TNS-Schrauwen/JT-labnotebook.git
   07e3584..a996962  main -> main
[2026-06-02 20:01:55] Push successful
[2026-06-02 20:01:55] === Sync complete ===
[2026-06-04 20:00:01] === Starting automated sync ===
[2026-06-04 20:00:08] Running scan...
[2026-06-04 20:00:09]     Scanning: 5mc_outlier
[2026-06-04 20:00:10]       Tracked: 1581 files
[2026-06-04 20:00:10]       New: 0
[2026-06-04 20:00:10]       Modified: 0
[2026-06-04 20:00:10]       Deleted: 0
[2026-06-04 20:00:12]       Nextflow runs: 0
[2026-06-04 20:00:12]       SLURM jobs: 0
[2026-06-04 20:00:12]       Log files: 706
[2026-06-04 20:00:12]     Scanning: DROP_pipeline
[2026-06-04 20:00:13]       Tracked: 1644 files
[2026-06-04 20:00:13]       New: 2
[2026-06-04 20:00:13]       Modified: 1
[2026-06-04 20:00:13]       Deleted: 0
[2026-06-04 20:00:33]       Nextflow runs: 0
[2026-06-04 20:00:33]       SLURM jobs: 1
[2026-06-04 20:00:33]       Log files: 21
[2026-06-04 20:00:33]     Scanning: TGen_RNASeq
[2026-06-04 20:00:39]       Tracked: 29198 files
[2026-06-04 20:00:39]       New: 0
[2026-06-04 20:00:39]       Modified: 0
[2026-06-04 20:00:39]       Deleted: 0
[2026-06-04 20:03:15]       Nextflow runs: 0
[2026-06-04 20:03:15]       SLURM jobs: 0
[2026-06-04 20:03:15]       Log files: 1865
[2026-06-04 20:03:15]     Scanning: 5mc_simulator
[2026-06-04 20:03:15]       Tracked: 171 files
[2026-06-04 20:03:15]       New: 0
[2026-06-04 20:03:15]       Modified: 0
[2026-06-04 20:03:15]       Deleted: 0
[2026-06-04 20:03:16]       Nextflow runs: 0
[2026-06-04 20:03:16]       SLURM jobs: 0
[2026-06-04 20:03:16]       Log files: 6
[2026-06-04 20:03:16]     Scanning: popqc
[2026-06-04 20:03:16]       Tracked: 30 files
[2026-06-04 20:03:16]       New: 0
[2026-06-04 20:03:16]       Modified: 0
[2026-06-04 20:03:16]       Deleted: 0
[2026-06-04 20:03:19]       Nextflow runs: 0
[2026-06-04 20:03:19]       SLURM jobs: 0
[2026-06-04 20:03:19]       Log files: 0
[2026-06-04 20:03:19]   
[2026-06-04 20:03:19]   Scan complete. Run 'biolab build' to compile the site.
[2026-06-04 20:03:19] Scan completed in 191 seconds
[2026-06-04 20:03:19] Changes detected, committing...
[main 44f2c39] auto-sync 2026-06-04 20:03 | +0 ~18 -0
 18 files changed, 32755 insertions(+), 32661 deletions(-)
[2026-06-04 20:03:20] Pushing to GitHub...
To github.com:TNS-Schrauwen/JT-labnotebook.git
   a996962..44f2c39  main -> main
[2026-06-04 20:03:26] Push successful
[2026-06-04 20:03:26] === Sync complete ===
[2026-06-08 20:00:01] === Starting automated sync ===
[2026-06-08 20:00:09] Running scan...
[2026-06-08 20:00:10]     Scanning: 5mc_outlier
[2026-06-08 20:00:10]       Tracked: 1581 files
[2026-06-08 20:00:10]       New: 0
[2026-06-08 20:00:10]       Modified: 0
[2026-06-08 20:00:10]       Deleted: 0
[2026-06-08 20:00:13]       Nextflow runs: 0
[2026-06-08 20:00:13]       SLURM jobs: 0
[2026-06-08 20:00:13]       Log files: 706
[2026-06-08 20:00:13]     Scanning: DROP_pipeline
[2026-06-08 20:00:13]       Tracked: 1644 files
[2026-06-08 20:00:13]       New: 0
[2026-06-08 20:00:13]       Modified: 0
[2026-06-08 20:00:14]       Deleted: 0
[2026-06-08 20:00:33]       Nextflow runs: 0
[2026-06-08 20:00:33]       SLURM jobs: 1
[2026-06-08 20:00:33]       Log files: 21
[2026-06-08 20:00:33]     Scanning: TGen_RNASeq
[2026-06-08 20:00:39]       Tracked: 29198 files
[2026-06-08 20:00:39]       New: 0
[2026-06-08 20:00:39]       Modified: 0
[2026-06-08 20:00:39]       Deleted: 0
[2026-06-08 20:03:14]       Nextflow runs: 0
[2026-06-08 20:03:14]       SLURM jobs: 0
[2026-06-08 20:03:14]       Log files: 1865
[2026-06-08 20:03:14]     Scanning: 5mc_simulator
[2026-06-08 20:03:15]       Tracked: 171 files
[2026-06-08 20:03:15]       New: 0
[2026-06-08 20:03:15]       Modified: 0
[2026-06-08 20:03:15]       Deleted: 0
[2026-06-08 20:03:16]       Nextflow runs: 0
[2026-06-08 20:03:16]       SLURM jobs: 0
[2026-06-08 20:03:16]       Log files: 6
[2026-06-08 20:03:16]     Scanning: popqc
[2026-06-08 20:03:16]       Tracked: 30 files
[2026-06-08 20:03:16]       New: 0
[2026-06-08 20:03:16]       Modified: 0
[2026-06-08 20:03:16]       Deleted: 0
[2026-06-08 20:03:21]       Nextflow runs: 0
[2026-06-08 20:03:21]       SLURM jobs: 0
[2026-06-08 20:03:21]       Log files: 0
[2026-06-08 20:03:21]   
[2026-06-08 20:03:21]   Scan complete. Run 'biolab build' to compile the site.
[2026-06-08 20:03:21] Scan completed in 192 seconds
[2026-06-08 20:03:21] Changes detected, committing...
[main 9baf207] auto-sync 2026-06-08 20:03 | +0 ~18 -0
 18 files changed, 32710 insertions(+), 32672 deletions(-)
[2026-06-08 20:03:22] Pushing to GitHub...
To github.com:TNS-Schrauwen/JT-labnotebook.git
   44f2c39..9baf207  main -> main
[2026-06-08 20:03:27] Push successful
[2026-06-08 20:03:27] === Sync complete ===
[2026-06-09 20:00:02] === Starting automated sync ===
[2026-06-09 20:00:09] Running scan...
[2026-06-09 20:00:10]     Scanning: 5mc_outlier
[2026-06-09 20:00:10]       Tracked: 1581 files
[2026-06-09 20:00:10]       New: 0
[2026-06-09 20:00:10]       Modified: 0
[2026-06-09 20:00:10]       Deleted: 0
[2026-06-09 20:00:10]       Nextflow runs: 0
[2026-06-09 20:00:10]       SLURM jobs: 0
[2026-06-09 20:00:10]       Log files: 706
[2026-06-09 20:00:10]     Scanning: DROP_pipeline
[2026-06-09 20:00:10]       Tracked: 1644 files
[2026-06-09 20:00:10]       New: 0
[2026-06-09 20:00:10]       Modified: 0
[2026-06-09 20:00:10]       Deleted: 0
[2026-06-09 20:00:13]       Nextflow runs: 0
[2026-06-09 20:00:13]       SLURM jobs: 1
[2026-06-09 20:00:13]       Log files: 21
[2026-06-09 20:00:13]     Scanning: TGen_RNASeq
[2026-06-09 20:00:18]       Tracked: 29198 files
[2026-06-09 20:00:18]       New: 0
[2026-06-09 20:00:18]       Modified: 0
[2026-06-09 20:00:18]       Deleted: 0
[2026-06-09 20:02:47]       Nextflow runs: 0
[2026-06-09 20:02:47]       SLURM jobs: 0
[2026-06-09 20:02:47]       Log files: 1865
[2026-06-09 20:02:47]     Scanning: 5mc_simulator
[2026-06-09 20:02:47]       Tracked: 171 files
[2026-06-09 20:02:47]       New: 0
[2026-06-09 20:02:47]       Modified: 0
[2026-06-09 20:02:47]       Deleted: 0
[2026-06-09 20:02:48]       Nextflow runs: 0
[2026-06-09 20:02:48]       SLURM jobs: 0
[2026-06-09 20:02:48]       Log files: 6
[2026-06-09 20:02:48]     Scanning: popqc
[2026-06-09 20:02:48]       Tracked: 30 files
[2026-06-09 20:02:48]       New: 0
[2026-06-09 20:02:48]       Modified: 0
[2026-06-09 20:02:48]       Deleted: 0
[2026-06-09 20:02:48]       Nextflow runs: 0
[2026-06-09 20:02:48]       SLURM jobs: 0
[2026-06-09 20:02:48]       Log files: 0
[2026-06-09 20:02:48]   
[2026-06-09 20:02:48]   Scan complete. Run 'biolab build' to compile the site.
[2026-06-09 20:02:48] Scan completed in 159 seconds
[2026-06-09 20:02:48] Changes detected, committing...
[main 8e0d859] auto-sync 2026-06-09 20:02 | +0 ~18 -0
 18 files changed, 32705 insertions(+), 32652 deletions(-)
[2026-06-09 20:02:49] Pushing to GitHub...
To github.com:TNS-Schrauwen/JT-labnotebook.git
   9baf207..8e0d859  main -> main
[2026-06-09 20:02:54] Push successful
[2026-06-09 20:02:54] === Sync complete ===
[2026-06-11 20:00:02] === Starting automated sync ===
[2026-06-11 20:00:10] Running scan...
[2026-06-11 20:00:11]     Scanning: 5mc_outlier
[2026-06-11 20:00:11]       Tracked: 1581 files
[2026-06-11 20:00:11]       New: 0
[2026-06-11 20:00:11]       Modified: 0
[2026-06-11 20:00:11]       Deleted: 0
[2026-06-11 20:00:14]       Nextflow runs: 0
[2026-06-11 20:00:14]       SLURM jobs: 0
[2026-06-11 20:00:14]       Log files: 706
[2026-06-11 20:00:14]     Scanning: DROP_pipeline
[2026-06-11 20:00:14]       Tracked: 1644 files
[2026-06-11 20:00:14]       New: 0
[2026-06-11 20:00:14]       Modified: 0
[2026-06-11 20:00:14]       Deleted: 0
[2026-06-11 20:00:34]       Nextflow runs: 0
[2026-06-11 20:00:34]       SLURM jobs: 1
[2026-06-11 20:00:34]       Log files: 21
[2026-06-11 20:00:34]     Scanning: TGen_RNASeq
[2026-06-11 20:00:40]       Tracked: 29198 files
[2026-06-11 20:00:40]       New: 0
[2026-06-11 20:00:40]       Modified: 0
[2026-06-11 20:00:40]       Deleted: 0
[2026-06-11 20:03:09]       Nextflow runs: 0
[2026-06-11 20:03:09]       SLURM jobs: 0
[2026-06-11 20:03:09]       Log files: 1865
[2026-06-11 20:03:09]     Scanning: 5mc_simulator
[2026-06-11 20:03:10]       Tracked: 171 files
[2026-06-11 20:03:10]       New: 0
[2026-06-11 20:03:10]       Modified: 0
[2026-06-11 20:03:10]       Deleted: 0
[2026-06-11 20:03:10]       Nextflow runs: 0
[2026-06-11 20:03:10]       SLURM jobs: 0
[2026-06-11 20:03:10]       Log files: 6
[2026-06-11 20:03:10]     Scanning: popqc
[2026-06-11 20:03:11]       Tracked: 30 files
[2026-06-11 20:03:11]       New: 0
[2026-06-11 20:03:11]       Modified: 0
[2026-06-11 20:03:11]       Deleted: 0
[2026-06-11 20:03:13]       Nextflow runs: 0
[2026-06-11 20:03:13]       SLURM jobs: 0
[2026-06-11 20:03:13]       Log files: 0
[2026-06-11 20:03:13]   
[2026-06-11 20:03:13]   Scan complete. Run 'biolab build' to compile the site.
[2026-06-11 20:03:13] Scan completed in 183 seconds
[2026-06-11 20:03:14] Changes detected, committing...
[main 4bb84a2] auto-sync 2026-06-11 20:03 | +0 ~18 -0
 18 files changed, 32705 insertions(+), 32652 deletions(-)
[2026-06-11 20:03:14] Pushing to GitHub...
To github.com:TNS-Schrauwen/JT-labnotebook.git
   8e0d859..4bb84a2  main -> main
[2026-06-11 20:03:19] Push successful
[2026-06-11 20:03:19] === Sync complete ===
[2026-06-15 20:00:01] === Starting automated sync ===
[2026-06-15 20:00:02] Running scan...
[2026-06-15 20:00:02]     Scanning: 5mc_outlier
[2026-06-15 20:00:02]       Tracked: 1581 files
[2026-06-15 20:00:02]       New: 0
[2026-06-15 20:00:02]       Modified: 0
[2026-06-15 20:00:02]       Deleted: 0
[2026-06-15 20:00:04]       Nextflow runs: 0
[2026-06-15 20:00:04]       SLURM jobs: 0
[2026-06-15 20:00:04]       Log files: 706
[2026-06-15 20:00:04]     Scanning: DROP_pipeline
[2026-06-15 20:00:04]       Tracked: 1644 files
[2026-06-15 20:00:04]       New: 0
[2026-06-15 20:00:04]       Modified: 0
[2026-06-15 20:00:04]       Deleted: 0
[2026-06-15 20:00:07]       Nextflow runs: 0
[2026-06-15 20:00:07]       SLURM jobs: 1
[2026-06-15 20:00:07]       Log files: 21
[2026-06-15 20:00:07]     Scanning: TGen_RNASeq
[2026-06-15 20:00:08]       Tracked: 29198 files
[2026-06-15 20:00:08]       New: 0
[2026-06-15 20:00:08]       Modified: 0
[2026-06-15 20:00:08]       Deleted: 0
[2026-06-15 20:00:22]       Nextflow runs: 0
[2026-06-15 20:00:22]       SLURM jobs: 0
[2026-06-15 20:00:22]       Log files: 1865
[2026-06-15 20:00:22]     Scanning: 5mc_simulator
[2026-06-15 20:00:22]       Tracked: 171 files
[2026-06-15 20:00:22]       New: 0
[2026-06-15 20:00:22]       Modified: 0
[2026-06-15 20:00:22]       Deleted: 0
[2026-06-15 20:00:23]       Nextflow runs: 0
[2026-06-15 20:00:23]       SLURM jobs: 0
[2026-06-15 20:00:23]       Log files: 6
[2026-06-15 20:00:23]     Scanning: popqc
[2026-06-15 20:00:23]       Tracked: 30 files
[2026-06-15 20:00:23]       New: 0
[2026-06-15 20:00:23]       Modified: 0
[2026-06-15 20:00:23]       Deleted: 0
[2026-06-15 20:00:25]       Nextflow runs: 0
[2026-06-15 20:00:25]       SLURM jobs: 0
[2026-06-15 20:00:25]       Log files: 0
[2026-06-15 20:00:25]     Scanning: Bibb Lab rTBI snRNASeq
[2026-06-15 20:00:25]       Tracked: 74 files
[2026-06-15 20:00:25]       New: 0
[2026-06-15 20:00:25]       Modified: 0
[2026-06-15 20:00:25]       Deleted: 0
[2026-06-15 20:00:25]       Nextflow runs: 0
[2026-06-15 20:00:25]       SLURM jobs: 0
[2026-06-15 20:00:25]       Log files: 0
[2026-06-15 20:00:25]     Scanning: 5mc outlier model rust binary
[2026-06-15 20:00:26]       Tracked: 10 files
[2026-06-15 20:00:26]       New: 0
[2026-06-15 20:00:26]       Modified: 0
[2026-06-15 20:00:26]       Deleted: 0
[2026-06-15 20:00:26]       Nextflow runs: 0
[2026-06-15 20:00:26]       SLURM jobs: 0
[2026-06-15 20:00:26]       Log files: 0
[2026-06-15 20:00:26]   
[2026-06-15 20:00:26]   Scan complete. Run 'biolab build' to compile the site.
[2026-06-15 20:00:27] Scan completed in 25 seconds
[2026-06-15 20:00:27] Changes detected, committing...
[main 0b3bfdc] auto-sync 2026-06-15 20:00 | +6 ~18 -0
 24 files changed, 33552 insertions(+), 32654 deletions(-)
 create mode 100644 .biolab/state/5mc outlier model rust binary_state.json
 create mode 100644 .biolab/state/Bibb Lab rTBI snRNASeq_state.json
 create mode 100644 docs/registry/5mc-outlier-model-rust-binary.md
 create mode 100644 docs/registry/bibb-lab-rtbi-snrnaseq.md
 create mode 100644 docs/runs/5mc-outlier-model-rust-binary.md
 create mode 100644 docs/runs/bibb-lab-rtbi-snrnaseq.md
[2026-06-15 20:00:28] Pushing to GitHub...
To github.com:TNS-Schrauwen/JT-labnotebook.git
   4bb84a2..0b3bfdc  main -> main
[2026-06-15 20:00:31] Push successful
[2026-06-15 20:00:31] === Sync complete ===
[2026-06-16 20:00:02] === Starting automated sync ===
[2026-06-16 20:00:09] Running scan...
[2026-06-16 20:00:10]     Scanning: 5mc_outlier
[2026-06-16 20:00:11]       Tracked: 1581 files
[2026-06-16 20:00:11]       New: 0
[2026-06-16 20:00:11]       Modified: 0
[2026-06-16 20:00:11]       Deleted: 0
[2026-06-16 20:00:14]       Nextflow runs: 0
[2026-06-16 20:00:14]       SLURM jobs: 0
[2026-06-16 20:00:14]       Log files: 706
[2026-06-16 20:00:14]     Scanning: DROP_pipeline
[2026-06-16 20:00:14]       Tracked: 1644 files
[2026-06-16 20:00:14]       New: 0
[2026-06-16 20:00:14]       Modified: 0
[2026-06-16 20:00:14]       Deleted: 0
[2026-06-16 20:00:34]       Nextflow runs: 0
[2026-06-16 20:00:34]       SLURM jobs: 1
[2026-06-16 20:00:34]       Log files: 21
[2026-06-16 20:00:34]     Scanning: TGen_RNASeq
[2026-06-16 20:00:40]       Tracked: 29198 files
[2026-06-16 20:00:40]       New: 0
[2026-06-16 20:00:40]       Modified: 0
[2026-06-16 20:00:40]       Deleted: 0
[2026-06-16 20:03:13]       Nextflow runs: 0
[2026-06-16 20:03:13]       SLURM jobs: 0
[2026-06-16 20:03:13]       Log files: 1865
[2026-06-16 20:03:13]     Scanning: 5mc_simulator
[2026-06-16 20:03:13]       Tracked: 171 files
[2026-06-16 20:03:13]       New: 0
[2026-06-16 20:03:13]       Modified: 0
[2026-06-16 20:03:13]       Deleted: 0
[2026-06-16 20:03:14]       Nextflow runs: 0
[2026-06-16 20:03:14]       SLURM jobs: 0
[2026-06-16 20:03:14]       Log files: 6
[2026-06-16 20:03:14]     Scanning: popqc
[2026-06-16 20:03:15]       Tracked: 30 files
[2026-06-16 20:03:15]       New: 0
[2026-06-16 20:03:15]       Modified: 0
[2026-06-16 20:03:15]       Deleted: 0
[2026-06-16 20:03:17]       Nextflow runs: 0
[2026-06-16 20:03:17]       SLURM jobs: 0
[2026-06-16 20:03:17]       Log files: 0
[2026-06-16 20:03:17]     Scanning: Bibb Lab rTBI snRNASeq
[2026-06-16 20:03:17]       Tracked: 74 files
[2026-06-16 20:03:17]       New: 0
[2026-06-16 20:03:17]       Modified: 0
[2026-06-16 20:03:17]       Deleted: 0
[2026-06-16 20:03:17]       Nextflow runs: 0
[2026-06-16 20:03:17]       SLURM jobs: 0
[2026-06-16 20:03:17]       Log files: 0
[2026-06-16 20:03:17]     Scanning: 5mc outlier model rust binary
[2026-06-16 20:03:17]       Tracked: 10 files
[2026-06-16 20:03:17]       New: 0
[2026-06-16 20:03:17]       Modified: 0
[2026-06-16 20:03:17]       Deleted: 0
[2026-06-16 20:03:18]       Nextflow runs: 0
[2026-06-16 20:03:18]       SLURM jobs: 0
[2026-06-16 20:03:18]       Log files: 0
[2026-06-16 20:03:18]   
[2026-06-16 20:03:18]   Scan complete. Run 'biolab build' to compile the site.
[2026-06-16 20:03:19] Scan completed in 190 seconds
[2026-06-16 20:03:19] Changes detected, committing...
[main eb7b0f6] auto-sync 2026-06-16 20:03 | +0 ~24 -0
 24 files changed, 32808 insertions(+), 32746 deletions(-)
[2026-06-16 20:03:20] Pushing to GitHub...
To github.com:TNS-Schrauwen/JT-labnotebook.git
   a426f5a..eb7b0f6  main -> main
[2026-06-16 20:03:23] Push successful
[2026-06-16 20:03:23] === Sync complete ===
[2026-06-18 20:00:01] === Starting automated sync ===
[2026-06-18 20:00:09] Running scan...
[2026-06-18 20:00:10]     Scanning: 5mc_outlier
[2026-06-18 20:00:10]       Tracked: 1581 files
[2026-06-18 20:00:10]       New: 0
[2026-06-18 20:00:10]       Modified: 0
[2026-06-18 20:00:10]       Deleted: 0
[2026-06-18 20:00:10]       Nextflow runs: 0
[2026-06-18 20:00:10]       SLURM jobs: 0
[2026-06-18 20:00:10]       Log files: 706
[2026-06-18 20:00:10]     Scanning: DROP_pipeline
[2026-06-18 20:00:10]       Tracked: 1644 files
[2026-06-18 20:00:10]       New: 0
[2026-06-18 20:00:10]       Modified: 0
[2026-06-18 20:00:10]       Deleted: 0
[2026-06-18 20:00:13]       Nextflow runs: 0
[2026-06-18 20:00:13]       SLURM jobs: 1
[2026-06-18 20:00:13]       Log files: 21
[2026-06-18 20:00:13]     Scanning: TGen_RNASeq
[2026-06-18 20:00:19]       Tracked: 29198 files
[2026-06-18 20:00:19]       New: 0
[2026-06-18 20:00:19]       Modified: 0
[2026-06-18 20:00:19]       Deleted: 0
[2026-06-18 20:03:05]       Nextflow runs: 0
[2026-06-18 20:03:05]       SLURM jobs: 0
[2026-06-18 20:03:05]       Log files: 1865
[2026-06-18 20:03:05]     Scanning: 5mc_simulator
[2026-06-18 20:03:05]       Tracked: 171 files
[2026-06-18 20:03:05]       New: 0
[2026-06-18 20:03:05]       Modified: 0
[2026-06-18 20:03:05]       Deleted: 0
[2026-06-18 20:03:05]       Nextflow runs: 0
[2026-06-18 20:03:05]       SLURM jobs: 0
[2026-06-18 20:03:05]       Log files: 6
[2026-06-18 20:03:05]     Scanning: popqc
[2026-06-18 20:03:05]       Tracked: 30 files
[2026-06-18 20:03:05]       New: 0
[2026-06-18 20:03:05]       Modified: 0
[2026-06-18 20:03:05]       Deleted: 0
[2026-06-18 20:03:06]       Nextflow runs: 0
[2026-06-18 20:03:06]       SLURM jobs: 0
[2026-06-18 20:03:06]       Log files: 0
[2026-06-18 20:03:06]     Scanning: Bibb Lab rTBI snRNASeq
[2026-06-18 20:03:06]       Tracked: 74 files
[2026-06-18 20:03:06]       New: 0
[2026-06-18 20:03:06]       Modified: 0
[2026-06-18 20:03:06]       Deleted: 0
[2026-06-18 20:03:06]       Nextflow runs: 0
[2026-06-18 20:03:06]       SLURM jobs: 0
[2026-06-18 20:03:06]       Log files: 0
[2026-06-18 20:03:06]     Scanning: 5mc outlier model rust binary
[2026-06-18 20:03:06]       Tracked: 86 files
[2026-06-18 20:03:06]       New: 76
[2026-06-18 20:03:06]       Modified: 5
[2026-06-18 20:03:06]       Deleted: 0
[2026-06-18 20:03:08]       Nextflow runs: 0
[2026-06-18 20:03:08]       SLURM jobs: 0
[2026-06-18 20:03:08]       Log files: 0
[2026-06-18 20:03:08]   
[2026-06-18 20:03:08]   Scan complete. Run 'biolab build' to compile the site.
[2026-06-18 20:03:08] Scan completed in 179 seconds
[2026-06-18 20:03:08] Changes detected, committing...
[main 1d0584b] auto-sync 2026-06-18 20:03 | +0 ~24 -0
 24 files changed, 33699 insertions(+), 32764 deletions(-)
[2026-06-18 20:03:09] Pushing to GitHub...
To github.com:TNS-Schrauwen/JT-labnotebook.git
   eb7b0f6..1d0584b  main -> main
[2026-06-18 20:03:13] Push successful
[2026-06-18 20:03:13] === Sync complete ===
[2026-06-22 20:00:02] === Starting automated sync ===
[2026-06-22 20:00:08] Running scan...
[2026-06-22 20:00:08]     Scanning: 5mc_outlier
[2026-06-22 20:00:09]       Tracked: 1581 files
[2026-06-22 20:00:09]       New: 0
[2026-06-22 20:00:09]       Modified: 0
[2026-06-22 20:00:09]       Deleted: 0
[2026-06-22 20:00:10]       Nextflow runs: 0
[2026-06-22 20:00:10]       SLURM jobs: 0
[2026-06-22 20:00:10]       Log files: 706
[2026-06-22 20:00:10]     Scanning: DROP_pipeline
[2026-06-22 20:00:11]       Tracked: 1644 files
[2026-06-22 20:00:11]       New: 0
[2026-06-22 20:00:11]       Modified: 0
[2026-06-22 20:00:11]       Deleted: 0
[2026-06-22 20:00:28]       Nextflow runs: 0
[2026-06-22 20:00:28]       SLURM jobs: 1
[2026-06-22 20:00:28]       Log files: 21
[2026-06-22 20:00:28]     Scanning: TGen_RNASeq
[2026-06-22 20:00:33]       Tracked: 29198 files
[2026-06-22 20:00:33]       New: 0
[2026-06-22 20:00:33]       Modified: 0
[2026-06-22 20:00:33]       Deleted: 0
[2026-06-22 20:03:09]       Nextflow runs: 0
[2026-06-22 20:03:10]       SLURM jobs: 0
[2026-06-22 20:03:10]       Log files: 1865
[2026-06-22 20:03:10]     Scanning: 5mc_simulator
[2026-06-22 20:03:10]       Tracked: 171 files
[2026-06-22 20:03:10]       New: 0
[2026-06-22 20:03:10]       Modified: 0
[2026-06-22 20:03:10]       Deleted: 0
[2026-06-22 20:03:11]       Nextflow runs: 0
[2026-06-22 20:03:11]       SLURM jobs: 0
[2026-06-22 20:03:11]       Log files: 6
[2026-06-22 20:03:11]     Scanning: popqc
[2026-06-22 20:03:12]       Tracked: 30 files
[2026-06-22 20:03:12]       New: 0
[2026-06-22 20:03:12]       Modified: 0
[2026-06-22 20:03:12]       Deleted: 0
[2026-06-22 20:03:16]       Nextflow runs: 0
[2026-06-22 20:03:16]       SLURM jobs: 0
[2026-06-22 20:03:16]       Log files: 0
[2026-06-22 20:03:16]     Scanning: Bibb Lab rTBI snRNASeq
[2026-06-22 20:03:16]       Tracked: 74 files
[2026-06-22 20:03:16]       New: 0
[2026-06-22 20:03:16]       Modified: 0
[2026-06-22 20:03:16]       Deleted: 0
[2026-06-22 20:03:16]       Nextflow runs: 0
[2026-06-22 20:03:16]       SLURM jobs: 0
[2026-06-22 20:03:16]       Log files: 0
[2026-06-22 20:03:16]     Scanning: 5mc outlier model rust binary
[2026-06-22 20:03:16]       Tracked: 86 files
[2026-06-22 20:03:16]       New: 0
[2026-06-22 20:03:16]       Modified: 1
[2026-06-22 20:03:16]       Deleted: 0
[2026-06-22 20:03:22]       Nextflow runs: 0
[2026-06-22 20:03:22]       SLURM jobs: 0
[2026-06-22 20:03:22]       Log files: 0
[2026-06-22 20:03:22]   
[2026-06-22 20:03:22]   Scan complete. Run 'biolab build' to compile the site.
[2026-06-22 20:03:22] Scan completed in 194 seconds
[2026-06-22 20:03:23] Changes detected, committing...
[main d6927d8] auto-sync 2026-06-22 20:03 | +0 ~24 -0
 24 files changed, 32901 insertions(+), 32917 deletions(-)
[2026-06-22 20:03:24] Pushing to GitHub...
To github.com:TNS-Schrauwen/JT-labnotebook.git
   1d0584b..d6927d8  main -> main
[2026-06-22 20:03:27] Push successful
[2026-06-22 20:03:27] === Sync complete ===
[2026-06-23 20:00:02] === Starting automated sync ===
[2026-06-23 20:00:10] Running scan...
[2026-06-23 20:00:11]     Scanning: 5mc_outlier
[2026-06-23 20:00:11]       Tracked: 1581 files
[2026-06-23 20:00:11]       New: 0
[2026-06-23 20:00:11]       Modified: 0
[2026-06-23 20:00:11]       Deleted: 0
[2026-06-23 20:00:14]       Nextflow runs: 0
[2026-06-23 20:00:14]       SLURM jobs: 0
[2026-06-23 20:00:14]       Log files: 706
[2026-06-23 20:00:14]     Scanning: DROP_pipeline
[2026-06-23 20:00:14]       Tracked: 1644 files
[2026-06-23 20:00:14]       New: 0
[2026-06-23 20:00:14]       Modified: 0
[2026-06-23 20:00:14]       Deleted: 0
[2026-06-23 20:00:34]       Nextflow runs: 0
[2026-06-23 20:00:34]       SLURM jobs: 1
[2026-06-23 20:00:34]       Log files: 21
[2026-06-23 20:00:34]     Scanning: TGen_RNASeq
[2026-06-23 20:00:40]       Tracked: 29198 files
[2026-06-23 20:00:40]       New: 0
[2026-06-23 20:00:40]       Modified: 0
[2026-06-23 20:00:40]       Deleted: 0
[2026-06-23 20:03:15]       Nextflow runs: 0
[2026-06-23 20:03:15]       SLURM jobs: 0
[2026-06-23 20:03:15]       Log files: 1865
[2026-06-23 20:03:15]     Scanning: 5mc_simulator
[2026-06-23 20:03:15]       Tracked: 171 files
[2026-06-23 20:03:15]       New: 0
[2026-06-23 20:03:15]       Modified: 0
[2026-06-23 20:03:15]       Deleted: 0
[2026-06-23 20:03:16]       Nextflow runs: 0
[2026-06-23 20:03:16]       SLURM jobs: 0
[2026-06-23 20:03:16]       Log files: 6
[2026-06-23 20:03:16]     Scanning: popqc
[2026-06-23 20:03:17]       Tracked: 30 files
[2026-06-23 20:03:17]       New: 0
[2026-06-23 20:03:17]       Modified: 0
[2026-06-23 20:03:17]       Deleted: 0
[2026-06-23 20:03:20]       Nextflow runs: 0
[2026-06-23 20:03:20]       SLURM jobs: 0
[2026-06-23 20:03:20]       Log files: 0
[2026-06-23 20:03:20]     Scanning: Bibb Lab rTBI snRNASeq
[2026-06-23 20:03:20]       Tracked: 74 files
[2026-06-23 20:03:20]       New: 0
[2026-06-23 20:03:20]       Modified: 0
[2026-06-23 20:03:20]       Deleted: 0
[2026-06-23 20:03:20]       Nextflow runs: 0
[2026-06-23 20:03:20]       SLURM jobs: 0
[2026-06-23 20:03:20]       Log files: 0
[2026-06-23 20:03:20]     Scanning: 5mc outlier model rust binary
[2026-06-23 20:03:20]       Tracked: 86 files
[2026-06-23 20:03:20]       New: 0
[2026-06-23 20:03:20]       Modified: 0
[2026-06-23 20:03:20]       Deleted: 0
[2026-06-23 20:03:25]       Nextflow runs: 0
[2026-06-23 20:03:25]       SLURM jobs: 0
[2026-06-23 20:03:25]       Log files: 0
[2026-06-23 20:03:25]   
[2026-06-23 20:03:25]   Scan complete. Run 'biolab build' to compile the site.
[2026-06-23 20:03:25] Scan completed in 195 seconds
[2026-06-23 20:03:26] Changes detected, committing...
